[www.dermylife.com.br/chapinha-dermylife/index4c52.html]
[backblue.gif]
[fade.gif]
[index.html]
[www.dermylife.com.br/chapinha-dermylife/icon_dermylife.png]
[www.dermylife.com.br/chapinha-dermylife/imgs/logo_dermylife.webp]
[www.dermylife.com.br/chapinha-dermylife/imgs_lateral_new/envio-imediato-dermylife.webp]
[www.dermylife.com.br/chapinha-dermylife/index.html]
[www.dermylife.com.br/chapinha-dermylife/imgs_lateral_new/1-ano-de-garantia.webp]
[www.dermylife.com.br/chapinha-dermylife/imgs_lateral_new/informacoes-chapinha.webp]
[www.dermylife.com.br/chapinha-dermylife/imgs_lateral_new/chapinha-mais-rapida.webp]
[www.dermylife.com.br/chapinha-dermylife/imgs_lateral_new/testada-aprovada-chapinha-dermylife.webp]
[www.dermylife.com.br/chapinha-dermylife/imgs_lateral_new/chapinha-nano-titanium-dermylife-caixa.webp]
[www.dermylife.com.br/chapinha-dermylife/imgs_lateral_new/chapinha-nano-titanium-dermylife-inmetro-display.webp]
[www.dermylife.com.br/chapinha-dermylife/imgs_lateral_new/Caixa-dermylife-chapinha.webp]
[www.dermylife.com.br/chapinha-dermylife/imgs_lateral_new/chapinha-nano-titanium-dermylife-inmetro-sem-cabo.webp]
[www.dermylife.com.br/chapinha-dermylife/imgs_lateral_new/chapinha-nano-titanium-dermylife-inmetro-cabo.webp]
[www.dermylife.com.br/chapinha-dermylife/imgs_lateral_new/garantia-reembolso-dermylife.webp]
[www.dermylife.com.br/chapinha-dermylife/manual3860.pdf]
[www.dermylife.com.br/chapinha-dermylife/botao-manual.webp]
[www.dermylife.com.br/chapinha-dermylife/imgs_lateral_new/cielo-dados-dermylife.webp]
[www.dermylife.com.br/chapinha-dermylife/imgs_lateral_new/tempo-entrega-dermylife.webp]
[www.dermylife.com.br/chapinha-dermylife/imgs_lateral_new/suporte-cliente-dermylife.webp]
[www.dermylife.com.br/cdn-cgi/scripts/7d0fa10a/cloudflare-static/rocket-loader.min.js]
[www.dermylife.com.br/chapinha-dermylife/imgs/selos.webp]
[www.dermylife.com.br/chapinha-dermylife/comment/comentario.html]
[www.dermylife.com.br/chapinha-dermylife/imgs/forma-de-pagamento.webp]
[www.dermylife.com.br/cdn-cgi/scripts/5c5dd728/cloudflare-static/email-decode.min.js]
[www.dermylife.com.br/chapinha-dermylife/js/jquery-1.11.0.min.js]
[www.dermylife.com.br/chapinha-dermylife/js/jquery.lazyload-any.min.js]
[www.dermylife.com.br/chapinha-dermylife/splide/js/splide.min.js]
[www.dermylife.com.br/chapinha-dermylife/splide/css/splide.min.css]
[www.dermylife.com.br/chapinha-dermylife/sticky-footer.css]
[www.dermylife.com.br/chapinha-dermylife/index4c52.html]
[www.dermylife.com.br/chapinha-dermylife/index.html]
[www.googletagmanager.com/gtm5445.html]
[www.dermylife.com.br/chapinha-dermylife/track.html]
[images.loox.io/uploads/2024/3/12/OGK_9DQsE.jpg]
[images.loox.io/uploads/2024/2/1/MfS1B39Tc.jpg]
[images.loox.io/uploads/2024/2/1/hknq1GRJ0.jpg]
[images.loox.io/uploads/2024/1/29/Q5g84i3ump.jpg]
[images.loox.io/uploads/2024/1/22/PDQwymjOA.jpg]
[images.loox.io/uploads/2024/1/22/-lbn9EZ3Z.jpg]
[images.loox.io/uploads/2024/1/22/VmWR9fgZOI.jpg]
[images.loox.io/uploads/2024/1/19/rUWv7A1Lp.jpg]
[images.loox.io/uploads/2024/1/17/5Yk2JNLCc.jpg]
[images.loox.io/uploads/2024/1/4/5oikaa95T.jpg]
[images.loox.io/uploads/2024/1/3/X9lAH44a7.jpg]
[images.loox.io/uploads/2023/12/10/jihJm-y5M.jpg]
[images.loox.io/uploads/2023/11/21/yG7tCIkb4y.jpg]
[images.loox.io/uploads/2023/11/10/dWZLq1rbIF.jpg]
[images.loox.io/uploads/2023/10/30/va3y4Fmx3A.jpg]
[images.loox.io/uploads/2023/9/20/vVmr6R9uB.jpg]
[images.loox.io/uploads/2023/8/24/0czb-7IYZ.jpg]
[images.loox.io/uploads/2023/8/24/E9-OdCAL-.jpg]
[www.dermylife.com.br/chapinha-dermylife/comment/js/feed/masonry.pkgd.min.js]
[www.dermylife.com.br/chapinha-dermylife/comment/comentario.html]
[www.dermylife.com.br/chapinha-dermylife/splide/css/splide.min.css]
[www.dermylife.com.br/chapinha-dermylife/imgs/play.png]
[www.dermylife.com.br/chapinha-dermylife/comment/js/admin/jquery.min.js]
[www.dermylife.com.br/chapinha-dermylife/imgs/play-hover.png]
[www.dermylife.com.br/chapinha-dermylife/sticky-footer.css]
[www.dermylife.com.br/chapinha-dermylife/track.html]
